Archive member included to satisfy reference by file (symbol)

c:/st/stm32cubeide_1.0.0/stm32cubeide/plugins/com.st.stm32cube.ide.mcu.externaltools.gnu-tools-for-stm32.7-2018-q2-update.win32_1.0.0.201904181610/tools/bin/../lib/gcc/arm-none-eabi/7.3.1/../../../../arm-none-eabi/lib/thumb/v7-m\libc_nano.a(lib_a-errno.o)
                              Src/syscalls.o (__errno)
c:/st/stm32cubeide_1.0.0/stm32cubeide/plugins/com.st.stm32cube.ide.mcu.externaltools.gnu-tools-for-stm32.7-2018-q2-update.win32_1.0.0.201904181610/tools/bin/../lib/gcc/arm-none-eabi/7.3.1/../../../../arm-none-eabi/lib/thumb/v7-m\libc_nano.a(lib_a-exit.o)
                              c:/st/stm32cubeide_1.0.0/stm32cubeide/plugins/com.st.stm32cube.ide.mcu.externaltools.gnu-tools-for-stm32.7-2018-q2-update.win32_1.0.0.201904181610/tools/bin/../lib/gcc/arm-none-eabi/7.3.1/../../../../arm-none-eabi/lib/thumb/v7-m/crt0.o (exit)
c:/st/stm32cubeide_1.0.0/stm32cubeide/plugins/com.st.stm32cube.ide.mcu.externaltools.gnu-tools-for-stm32.7-2018-q2-update.win32_1.0.0.201904181610/tools/bin/../lib/gcc/arm-none-eabi/7.3.1/../../../../arm-none-eabi/lib/thumb/v7-m\libc_nano.a(lib_a-impure.o)
                              c:/st/stm32cubeide_1.0.0/stm32cubeide/plugins/com.st.stm32cube.ide.mcu.externaltools.gnu-tools-for-stm32.7-2018-q2-update.win32_1.0.0.201904181610/tools/bin/../lib/gcc/arm-none-eabi/7.3.1/../../../../arm-none-eabi/lib/thumb/v7-m\libc_nano.a(lib_a-exit.o) (_global_impure_ptr)
c:/st/stm32cubeide_1.0.0/stm32cubeide/plugins/com.st.stm32cube.ide.mcu.externaltools.gnu-tools-for-stm32.7-2018-q2-update.win32_1.0.0.201904181610/tools/bin/../lib/gcc/arm-none-eabi/7.3.1/../../../../arm-none-eabi/lib/thumb/v7-m\libc_nano.a(lib_a-init.o)
                              c:/st/stm32cubeide_1.0.0/stm32cubeide/plugins/com.st.stm32cube.ide.mcu.externaltools.gnu-tools-for-stm32.7-2018-q2-update.win32_1.0.0.201904181610/tools/bin/../lib/gcc/arm-none-eabi/7.3.1/../../../../arm-none-eabi/lib/thumb/v7-m/crt0.o (__libc_init_array)
c:/st/stm32cubeide_1.0.0/stm32cubeide/plugins/com.st.stm32cube.ide.mcu.externaltools.gnu-tools-for-stm32.7-2018-q2-update.win32_1.0.0.201904181610/tools/bin/../lib/gcc/arm-none-eabi/7.3.1/../../../../arm-none-eabi/lib/thumb/v7-m\libc_nano.a(lib_a-memset.o)
                              c:/st/stm32cubeide_1.0.0/stm32cubeide/plugins/com.st.stm32cube.ide.mcu.externaltools.gnu-tools-for-stm32.7-2018-q2-update.win32_1.0.0.201904181610/tools/bin/../lib/gcc/arm-none-eabi/7.3.1/../../../../arm-none-eabi/lib/thumb/v7-m/crt0.o (memset)

Allocating common symbols
Common symbol       size              file

BUF1_u8Buf          0x1               Src/buf1.o
huart3              0x40              Src/ctl.o
buf3_au8RecBuf      0x401             Src/buf3.o
uwTick              0x4               Drivers/STM32F1xx_HAL_Driver/Src/stm32f1xx_hal.o
hdma_usart3_tx      0x44              Src/ctl.o
pFlash              0x20              Drivers/STM32F1xx_HAL_Driver/Src/stm32f1xx_hal_flash.o
SPI1_RxBuf          0xa               Src/spi1.o
buf1_au8SndBuf      0x401             Src/buf1.o
hdma_usart1_tx      0x44              Src/ctl.o
hdma_usart2_tx      0x44              Src/ctl.o
u8Length            0x1               Src/ctl.o
huart1              0x40              Src/ctl.o
buf1_au8RecBuf      0x401             Src/buf1.o
BUF3_u8Buf          0x1               Src/buf3.o
u8Temp              0x1               Src/ctl.o
buf3_au8SndBuf      0x401             Src/buf3.o
hspi1               0x58              Src/ctl.o
buf2_au8RecBuf      0x401             Src/buf2.o
huart2              0x40              Src/ctl.o
hdma_spi1_rx        0x44              Src/main.o
BUF2_u8Buf          0x1               Src/buf2.o
buf2_au8SndBuf      0x401             Src/buf2.o
hdma_spi1_tx        0x44              Src/ctl.o
SPI1_TxBuf          0xa               Src/spi1.o

Discarded input sections

 .text          0x0000000000000000        0x0 c:/st/stm32cubeide_1.0.0/stm32cubeide/plugins/com.st.stm32cube.ide.mcu.externaltools.gnu-tools-for-stm32.7-2018-q2-update.win32_1.0.0.201904181610/tools/bin/../lib/gcc/arm-none-eabi/7.3.1/thumb/v7-m/crti.o
 .data          0x0000000000000000        0x0 c:/st/stm32cubeide_1.0.0/stm32cubeide/plugins/com.st.stm32cube.ide.mcu.externaltools.gnu-tools-for-stm32.7-2018-q2-update.win32_1.0.0.201904181610/tools/bin/../lib/gcc/arm-none-eabi/7.3.1/thumb/v7-m/crti.o
 .bss           0x0000000000000000        0x0 c:/st/stm32cubeide_1.0.0/stm32cubeide/plugins/com.st.stm32cube.ide.mcu.externaltools.gnu-tools-for-stm32.7-2018-q2-update.win32_1.0.0.201904181610/tools/bin/../lib/gcc/arm-none-eabi/7.3.1/thumb/v7-m/crti.o
 .data          0x0000000000000000        0x4 c:/st/stm32cubeide_1.0.0/stm32cubeide/plugins/com.st.stm32cube.ide.mcu.externaltools.gnu-tools-for-stm32.7-2018-q2-update.win32_1.0.0.201904181610/tools/bin/../lib/gcc/arm-none-eabi/7.3.1/thumb/v7-m/crtbegin.o
[...]
Memory Configuration

Name             Origin             Length             Attributes
FLASH            0x0000000008000000 0x0000000000010000 xr
RAM              0x0000000020000000 0x0000000000005000 xrw
*default*        0x0000000000000000 0xffffffffffffffff

Linker script and memory map

LOAD c:/st/stm32cubeide_1.0.0/stm32cubeide/plugins/com.st.stm32cube.ide.mcu.externaltools.gnu-tools-for-stm32.7-2018-q2-update.win32_1.0.0.201904181610/tools/bin/../lib/gcc/arm-none-eabi/7.3.1/thumb/v7-m/crti.o
LOAD c:/st/stm32cubeide_1.0.0/stm32cubeide/plugins/com.st.stm32cube.ide.mcu.externaltools.gnu-tools-for-stm32.7-2018-q2-update.win32_1.0.0.201904181610/tools/bin/../lib/gcc/arm-none-eabi/7.3.1/thumb/v7-m/crtbegin.o
LOAD c:/st/stm32cubeide_1.0.0/stm32cubeide/plugins/com.st.stm32cube.ide.mcu.externaltools.gnu-tools-for-stm32.7-2018-q2-update.win32_1.0.0.201904181610/tools/bin/../lib/gcc/arm-none-eabi/7.3.1/../../../../arm-none-eabi/lib/thumb/v7-m/crt0.o
LOAD Drivers/STM32F1xx_HAL_Driver/Src/stm32f1xx_hal.o
LOAD Drivers/STM32F1xx_HAL_Driver/Src/stm32f1xx_hal_cortex.o
LOAD Drivers/STM32F1xx_HAL_Driver/Src/stm32f1xx_hal_dma.o
LOAD Drivers/STM32F1xx_HAL_Driver/Src/stm32f1xx_hal_flash.o
LOAD Drivers/STM32F1xx_HAL_Driver/Src/stm32f1xx_hal_flash_ex.o
LOAD Drivers/STM32F1xx_HAL_Driver/Src/stm32f1xx_hal_gpio.o
LOAD Drivers/STM32F1xx_HAL_Driver/Src/stm32f1xx_hal_gpio_ex.o
LOAD Drivers/STM32F1xx_HAL_Driver/Src/stm32f1xx_hal_pwr.o
LOAD Drivers/STM32F1xx_HAL_Driver/Src/stm32f1xx_hal_rcc.o
LOAD Drivers/STM32F1xx_HAL_Driver/Src/stm32f1xx_hal_rcc_ex.o
LOAD Drivers/STM32F1xx_HAL_Driver/Src/stm32f1xx_hal_spi.o
LOAD Drivers/STM32F1xx_HAL_Driver/Src/stm32f1xx_hal_spi_ex.o
LOAD Drivers/STM32F1xx_HAL_Driver/Src/stm32f1xx_hal_tim.o
LOAD Drivers/STM32F1xx_HAL_Driver/Src/stm32f1xx_hal_tim_ex.o
LOAD Drivers/STM32F1xx_HAL_Driver/Src/stm32f1xx_hal_uart.o
LOAD Src/buf1.o
LOAD Src/buf2.o
LOAD Src/buf3.o
LOAD Src/ctl.o
LOAD Src/main.o
LOAD Src/spi1.o
LOAD Src/stm32f1xx_hal_msp.o
LOAD Src/stm32f1xx_it.o
LOAD Src/syscalls.o
LOAD Src/sysmem.o
LOAD Src/system_stm32f1xx.o
LOAD Startup/startup_stm32f103c8tx.o
START GROUP
LOAD c:/st/stm32cubeide_1.0.0/stm32cubeide/plugins/com.st.stm32cube.ide.mcu.externaltools.gnu-tools-for-stm32.7-2018-q2-update.win32_1.0.0.201904181610/tools/bin/../lib/gcc/arm-none-eabi/7.3.1/../../../../arm-none-eabi/lib/thumb/v7-m\libc_nano.a
LOAD c:/st/stm32cubeide_1.0.0/stm32cubeide/plugins/com.st.stm32cube.ide.mcu.externaltools.gnu-tools-for-stm32.7-2018-q2-update.win32_1.0.0.201904181610/tools/bin/../lib/gcc/arm-none-eabi/7.3.1/../../../../arm-none-eabi/lib/thumb/v7-m\libm.a
END GROUP
START GROUP
LOAD c:/st/stm32cubeide_1.0.0/stm32cubeide/plugins/com.st.stm32cube.ide.mcu.externaltools.gnu-tools-for-stm32.7-2018-q2-update.win32_1.0.0.201904181610/tools/bin/../lib/gcc/arm-none-eabi/7.3.1/thumb/v7-m\libgcc.a
LOAD c:/st/stm32cubeide_1.0.0/stm32cubeide/plugins/com.st.stm32cube.ide.mcu.externaltools.gnu-tools-for-stm32.7-2018-q2-update.win32_1.0.0.201904181610/tools/bin/../lib/gcc/arm-none-eabi/7.3.1/../../../../arm-none-eabi/lib/thumb/v7-m\libc_nano.a
END GROUP
START GROUP
LOAD c:/st/stm32cubeide_1.0.0/stm32cubeide/plugins/com.st.stm32cube.ide.mcu.externaltools.gnu-tools-for-stm32.7-2018-q2-update.win32_1.0.0.201904181610/tools/bin/../lib/gcc/arm-none-eabi/7.3.1/thumb/v7-m\libgcc.a
LOAD c:/st/stm32cubeide_1.0.0/stm32cubeide/plugins/com.st.stm32cube.ide.mcu.externaltools.gnu-tools-for-stm32.7-2018-q2-update.win32_1.0.0.201904181610/tools/bin/../lib/gcc/arm-none-eabi/7.3.1/../../../../arm-none-eabi/lib/thumb/v7-m\libc_nano.a
LOAD c:/st/stm32cubeide_1.0.0/stm32cubeide/plugins/com.st.stm32cube.ide.mcu.externaltools.gnu-tools-for-stm32.7-2018-q2-update.win32_1.0.0.201904181610/tools/bin/../lib/gcc/arm-none-eabi/7.3.1/../../../../arm-none-eabi/lib/thumb/v7-m\libnosys.a
END GROUP
START GROUP
LOAD c:/st/stm32cubeide_1.0.0/stm32cubeide/plugins/com.st.stm32cube.ide.mcu.externaltools.gnu-tools-for-stm32.7-2018-q2-update.win32_1.0.0.201904181610/tools/bin/../lib/gcc/arm-none-eabi/7.3.1/thumb/v7-m\libgcc.a
LOAD c:/st/stm32cubeide_1.0.0/stm32cubeide/plugins/com.st.stm32cube.ide.mcu.externaltools.gnu-tools-for-stm32.7-2018-q2-update.win32_1.0.0.201904181610/tools/bin/../lib/gcc/arm-none-eabi/7.3.1/../../../../arm-none-eabi/lib/thumb/v7-m\libc_nano.a
LOAD c:/st/stm32cubeide_1.0.0/stm32cubeide/plugins/com.st.stm32cube.ide.mcu.externaltools.gnu-tools-for-stm32.7-2018-q2-update.win32_1.0.0.201904181610/tools/bin/../lib/gcc/arm-none-eabi/7.3.1/../../../../arm-none-eabi/lib/thumb/v7-m\libnosys.a
END GROUP
LOAD c:/st/stm32cubeide_1.0.0/stm32cubeide/plugins/com.st.stm32cube.ide.mcu.externaltools.gnu-tools-for-stm32.7-2018-q2-update.win32_1.0.0.201904181610/tools/bin/../lib/gcc/arm-none-eabi/7.3.1/thumb/v7-m/crtend.o
LOAD c:/st/stm32cubeide_1.0.0/stm32cubeide/plugins/com.st.stm32cube.ide.mcu.externaltools.gnu-tools-for-stm32.7-2018-q2-update.win32_1.0.0.201904181610/tools/bin/../lib/gcc/arm-none-eabi/7.3.1/thumb/v7-m/crtn.o
                0x0000000020004fff                _estack = 0x20004fff
                0x0000000000000200                _Min_Heap_Size = 0x200
                0x0000000000000400                _Min_Stack_Size = 0x400

.isr_vector     0x0000000008000000      0x10c
                0x0000000008000000                . = ALIGN (0x4)
 *(.isr_vector)
 .isr_vector    0x0000000008000000      0x10c Startup/startup_stm32f103c8tx.o
                0x0000000008000000                g_pfnVectors
                0x000000000800010c                . = ALIGN (0x4)

.text           0x000000000800010c     0x34d0
                0x000000000800010c                . = ALIGN (0x4)
 *(.text)
 .text          0x000000000800010c       0x40 c:/st/stm32cubeide_1.0.0/stm32cubeide/plugins/com.st.stm32cube.ide.mcu.externaltools.gnu-tools-for-stm32.7-2018-q2-update.win32_1.0.0.201904181610/tools/bin/../lib/gcc/arm-none-eabi/7.3.1/thumb/v7-m/crtbegin.o
 *(.text*)
 .text.HAL_Init
                0x000000000800014c       0x2c Drivers/STM32F1xx_HAL_Driver/Src/stm32f1xx_hal.o
                0x000000000800014c                HAL_Init
 .text.HAL_InitTick
                0x0000000008000178       0x60 Drivers/STM32F1xx_HAL_Driver/Src/stm32f1xx_hal.o
                0x0000000008000178                HAL_InitTick
 .text.HAL_IncTick
                0x00000000080001d8       0x24 Drivers/STM32F1xx_HAL_Driver/Src/stm32f1xx_hal.o
                0x00000000080001d8                HAL_IncTick
 .text.HAL_GetTick
                0x00000000080001fc       0x14 Drivers/STM32F1xx_HAL_Driver/Src/stm32f1xx_hal.o
                0x00000000080001fc                HAL_GetTick
 .text.NVIC_SetPriorityGrouping
                0x0000000008000210       0x48 Drivers/STM32F1xx_HAL_Driver/Src/stm32f1xx_hal_cortex.o
 .text.NVIC_GetPriorityGrouping
                0x0000000008000258       0x1c Drivers/STM32F1xx_HAL_Driver/Src/stm32f1xx_hal_cortex.o
 .text.NVIC_EnableIRQ
                0x0000000008000274       0x30 Drivers/STM32F1xx_HAL_Driver/Src/stm32f1xx_hal_cortex.o
 .text.NVIC_SetPriority
                0x00000000080002a4       0x54 Drivers/STM32F1xx_HAL_Driver/Src/stm32f1xx_hal_cortex.o
 .text.NVIC_EncodePriority
                0x00000000080002f8       0x64 Drivers/STM32F1xx_HAL_Driver/Src/stm32f1xx_hal_cortex.o
 .text.SysTick_Config
                0x000000000800035c       0x44 Drivers/STM32F1xx_HAL_Driver/Src/stm32f1xx_hal_cortex.o
 .text.HAL_NVIC_SetPriorityGrouping
                0x00000000080003a0       0x16 Drivers/STM32F1xx_HAL_Driver/Src/stm32f1xx_hal_cortex.o
                0x00000000080003a0                HAL_NVIC_SetPriorityGrouping
 .text.HAL_NVIC_SetPriority
                0x00000000080003b6       0x38 Drivers/STM32F1xx_HAL_Driver/Src/stm32f1xx_hal_cortex.o
                0x00000000080003b6                HAL_NVIC_SetPriority
 .text.HAL_NVIC_EnableIRQ
                0x00000000080003ee       0x1c Drivers/STM32F1xx_HAL_Driver/Src/stm32f1xx_hal_cortex.o
                0x00000000080003ee                HAL_NVIC_EnableIRQ
 .text.HAL_SYSTICK_Config
                0x000000000800040a       0x18 Drivers/STM32F1xx_HAL_Driver/Src/stm32f1xx_hal_cortex.o
                0x000000000800040a                HAL_SYSTICK_Config
 *fill*         0x0000000008000422        0x2 
 .text.HAL_DMA_Init
                0x0000000008000424       0xb4 Drivers/STM32F1xx_HAL_Driver/Src/stm32f1xx_hal_dma.o
                0x0000000008000424                HAL_DMA_Init
 .text.HAL_DMA_Start_IT
                0x00000000080004d8       0xbe Drivers/STM32F1xx_HAL_Driver/Src/stm32f1xx_hal_dma.o
                0x00000000080004d8                HAL_DMA_Start_IT
 *fill*         0x0000000008000596        0x2 
 .text.HAL_DMA_Abort_IT
                0x0000000008000598       0xec Drivers/STM32F1xx_HAL_Driver/Src/stm32f1xx_hal_dma.o
                0x0000000008000598                HAL_DMA_Abort_IT
 .text.HAL_DMA_IRQHandler
                0x0000000008000684      0x20c Drivers/STM32F1xx_HAL_Driver/Src/stm32f1xx_hal_dma.o
                0x0000000008000684                HAL_DMA_IRQHandler
 .text.DMA_SetConfig
                0x0000000008000890       0x5a Drivers/STM32F1xx_HAL_Driver/Src/stm32f1xx_hal_dma.o
 *fill*         0x00000000080008ea        0x2 
 .text.HAL_GPIO_Init
                0x00000000080008ec      0x2bc Drivers/STM32F1xx_HAL_Driver/Src/stm32f1xx_hal_gpio.o
                0x00000000080008ec                HAL_GPIO_Init
 .text.HAL_GPIO_WritePin
                0x0000000008000ba8       0x30 Drivers/STM32F1xx_HAL_Driver/Src/stm32f1xx_hal_gpio.o
                0x0000000008000ba8                HAL_GPIO_WritePin
 .text.HAL_RCC_OscConfig
                0x0000000008000bd8      0x4c8 Drivers/STM32F1xx_HAL_Driver/Src/stm32f1xx_hal_rcc.o
                0x0000000008000bd8                HAL_RCC_OscConfig
 .text.HAL_RCC_ClockConfig
                0x00000000080010a0      0x218 Drivers/STM32F1xx_HAL_Driver/Src/stm32f1xx_hal_rcc.o
                0x00000000080010a0                HAL_RCC_ClockConfig
 .text.HAL_RCC_GetSysClockFreq
                0x00000000080012b8       0xc4 Drivers/STM32F1xx_HAL_Driver/Src/stm32f1xx_hal_rcc.o
                0x00000000080012b8                HAL_RCC_GetSysClockFreq
 .text.HAL_RCC_GetHCLKFreq
                0x000000000800137c       0x14 Drivers/STM32F1xx_HAL_Driver/Src/stm32f1xx_hal_rcc.o
                0x000000000800137c                HAL_RCC_GetHCLKFreq
 .text.HAL_RCC_GetPCLK1Freq
                0x0000000008001390       0x28 Drivers/STM32F1xx_HAL_Driver/Src/stm32f1xx_hal_rcc.o
                0x0000000008001390                HAL_RCC_GetPCLK1Freq
 .text.HAL_RCC_GetPCLK2Freq
                0x00000000080013b8       0x28 Drivers/STM32F1xx_HAL_Driver/Src/stm32f1xx_hal_rcc.o
                0x00000000080013b8                HAL_RCC_GetPCLK2Freq
 .text.RCC_Delay
                0x00000000080013e0       0x3c Drivers/STM32F1xx_HAL_Driver/Src/stm32f1xx_hal_rcc.o
 .text.HAL_SPI_TransmitReceive_DMA
                0x000000000800141c      0x1d0 Drivers/STM32F1xx_HAL_Driver/Src/stm32f1xx_hal_spi.o
                0x000000000800141c                HAL_SPI_TransmitReceive_DMA
 .text.HAL_SPI_IRQHandler
                0x00000000080015ec      0x18c Drivers/STM32F1xx_HAL_Driver/Src/stm32f1xx_hal_spi.o
                0x00000000080015ec                HAL_SPI_IRQHandler
 .text.HAL_SPI_RxCpltCallback
                0x0000000008001778       0x12 Drivers/STM32F1xx_HAL_Driver/Src/stm32f1xx_hal_spi.o
                0x0000000008001778                HAL_SPI_RxCpltCallback
 .text.HAL_SPI_RxHalfCpltCallback
                0x000000000800178a       0x12 Drivers/STM32F1xx_HAL_Driver/Src/stm32f1xx_hal_spi.o
                0x000000000800178a                HAL_SPI_RxHalfCpltCallback
 .text.HAL_SPI_TxRxHalfCpltCallback
                0x000000000800179c       0x12 Drivers/STM32F1xx_HAL_Driver/Src/stm32f1xx_hal_spi.o
                0x000000000800179c                HAL_SPI_TxRxHalfCpltCallback
 .text.HAL_SPI_ErrorCallback
                0x00000000080017ae       0x12 Drivers/STM32F1xx_HAL_Driver/Src/stm32f1xx_hal_spi.o
                0x00000000080017ae                HAL_SPI_ErrorCallback
 .text.SPI_DMAReceiveCplt
                0x00000000080017c0       0x84 Drivers/STM32F1xx_HAL_Driver/Src/stm32f1xx_hal_spi.o
 .text.SPI_DMATransmitReceiveCplt
                0x0000000008001844       0x82 Drivers/STM32F1xx_HAL_Driver/Src/stm32f1xx_hal_spi.o
 .text.SPI_DMAHalfReceiveCplt
                0x00000000080018c6       0x1c Drivers/STM32F1xx_HAL_Driver/Src/stm32f1xx_hal_spi.o
 .text.SPI_DMAHalfTransmitReceiveCplt
                0x00000000080018e2       0x1c Drivers/STM32F1xx_HAL_Driver/Src/stm32f1xx_hal_spi.o
 .text.SPI_DMAError
                0x00000000080018fe       0x40 Drivers/STM32F1xx_HAL_Driver/Src/stm32f1xx_hal_spi.o
 .text.SPI_DMAAbortOnError
                0x000000000800193e       0x28 Drivers/STM32F1xx_HAL_Driver/Src/stm32f1xx_hal_spi.o
 .text.SPI_WaitFlagStateUntilTimeout
                0x0000000008001966       0xd2 Drivers/STM32F1xx_HAL_Driver/Src/stm32f1xx_hal_spi.o
 .text.SPI_CheckFlag_BSY
                0x0000000008001a38       0x3c Drivers/STM32F1xx_HAL_Driver/Src/stm32f1xx_hal_spi.o
 .text.HAL_SPI_Init
                0x0000000008001a74       0xca Drivers/STM32F1xx_HAL_Driver/Src/stm32f1xx_hal_spi_ex.o
                0x0000000008001a74                HAL_SPI_Init
 .text.HAL_UART_Init
                0x0000000008001b3e       0x9a Drivers/STM32F1xx_HAL_Driver/Src/stm32f1xx_hal_uart.o
                0x0000000008001b3e                HAL_UART_Init
 .text.HAL_UART_Transmit_IT
                0x0000000008001bd8       0x88 Drivers/STM32F1xx_HAL_Driver/Src/stm32f1xx_hal_uart.o
                0x0000000008001bd8                HAL_UART_Transmit_IT
 .text.HAL_UART_Receive_IT
                0x0000000008001c60       0xa8 Drivers/STM32F1xx_HAL_Driver/Src/stm32f1xx_hal_uart.o
                0x0000000008001c60                HAL_UART_Receive_IT
 .text.HAL_UART_IRQHandler
                0x0000000008001d08      0x1f8 Drivers/STM32F1xx_HAL_Driver/Src/stm32f1xx_hal_uart.o
                0x0000000008001d08                HAL_UART_IRQHandler
 .text.HAL_UART_ErrorCallback
                0x0000000008001f00       0x12 Drivers/STM32F1xx_HAL_Driver/Src/stm32f1xx_hal_uart.o
                0x0000000008001f00                HAL_UART_ErrorCallback
 .text.UART_EndRxTransfer
                0x0000000008001f12       0x3a Drivers/STM32F1xx_HAL_Driver/Src/stm32f1xx_hal_uart.o
 .text.UART_DMAAbortOnError
                0x0000000008001f4c       0x28 Drivers/STM32F1xx_HAL_Driver/Src/stm32f1xx_hal_uart.o
 .text.UART_Transmit_IT
                0x0000000008001f74       0xaa Drivers/STM32F1xx_HAL_Driver/Src/stm32f1xx_hal_uart.o
 .text.UART_EndTransmit_IT
                0x000000000800201e       0x30 Drivers/STM32F1xx_HAL_Driver/Src/stm32f1xx_hal_uart.o
 .text.UART_Receive_IT
                0x000000000800204e      0x102 Drivers/STM32F1xx_HAL_Driver/Src/stm32f1xx_hal_uart.o
 .text.UART_SetConfig
                0x0000000008002150      0x230 Drivers/STM32F1xx_HAL_Driver/Src/stm32f1xx_hal_uart.o
 .text.BUF1_SndBuf_Put
                0x0000000008002380       0x40 Src/buf1.o
                0x0000000008002380                BUF1_SndBuf_Put
 .text.BUF1_u8SndBuf_Get
                0x00000000080023c0       0x40 Src/buf1.o
                0x00000000080023c0                BUF1_u8SndBuf_Get
 .text.BUF1_u8SndBuf_Empty
                0x0000000008002400       0x28 Src/buf1.o
                0x0000000008002400                BUF1_u8SndBuf_Empty
 .text.BUF1_RecBuf_Put
                0x0000000008002428       0x40 Src/buf1.o
                0x0000000008002428                BUF1_RecBuf_Put
 .text.BUF1_u8RecBuf_Get
                0x0000000008002468       0x40 Src/buf1.o
                0x0000000008002468                BUF1_u8RecBuf_Get
 .text.BUF1_u8RecBuf_Empty
                0x00000000080024a8       0x28 Src/buf1.o
                0x00000000080024a8                BUF1_u8RecBuf_Empty
 .text.BUF2_SndBuf_Put
                0x00000000080024d0       0x40 Src/buf2.o
                0x00000000080024d0                BUF2_SndBuf_Put
 .text.BUF2_u8SndBuf_Get
                0x0000000008002510       0x40 Src/buf2.o
                0x0000000008002510                BUF2_u8SndBuf_Get
 .text.BUF2_u8SndBuf_Empty
                0x0000000008002550       0x28 Src/buf2.o
                0x0000000008002550                BUF2_u8SndBuf_Empty
 .text.BUF2_RecBuf_Put
                0x0000000008002578       0x40 Src/buf2.o
                0x0000000008002578                BUF2_RecBuf_Put
 .text.BUF2_u8RecBuf_Get
                0x00000000080025b8       0x40 Src/buf2.o
                0x00000000080025b8                BUF2_u8RecBuf_Get
 .text.BUF2_u8RecBuf_Empty
                0x00000000080025f8       0x28 Src/buf2.o
                0x00000000080025f8                BUF2_u8RecBuf_Empty
 .text.BUF3_SndBuf_Put
                0x0000000008002620       0x40 Src/buf3.o
                0x0000000008002620                BUF3_SndBuf_Put
 .text.BUF3_u8SndBuf_Get
                0x0000000008002660       0x40 Src/buf3.o
                0x0000000008002660                BUF3_u8SndBuf_Get
 .text.BUF3_u8SndBuf_Empty
                0x00000000080026a0       0x28 Src/buf3.o
                0x00000000080026a0                BUF3_u8SndBuf_Empty
 .text.BUF3_RecBuf_Put
                0x00000000080026c8       0x40 Src/buf3.o
                0x00000000080026c8                BUF3_RecBuf_Put
 .text.BUF3_u8RecBuf_Get
                0x0000000008002708       0x40 Src/buf3.o
                0x0000000008002708                BUF3_u8RecBuf_Get
 .text.BUF3_u8RecBuf_Empty
                0x0000000008002748       0x28 Src/buf3.o
                0x0000000008002748                BUF3_u8RecBuf_Empty
 .text.CTL_Ini  0x0000000008002770       0x5c Src/ctl.o
                0x0000000008002770                CTL_Ini
 .text.CTL_Main
                0x00000000080027cc      0x344 Src/ctl.o
                0x00000000080027cc                CTL_Main
 .text.main     0x0000000008002b10       0x2e Src/main.o
                0x0000000008002b10                main
 .text.SystemClock_Config
                0x0000000008002b3e       0x8a Src/main.o
                0x0000000008002b3e                SystemClock_Config
 .text.MX_SPI1_Init
                0x0000000008002bc8       0x68 Src/main.o
 .text.MX_USART1_UART_Init
                0x0000000008002c30       0x54 Src/main.o
 .text.MX_USART2_UART_Init
                0x0000000008002c84       0x54 Src/main.o
 .text.MX_USART3_UART_Init
                0x0000000008002cd8       0x54 Src/main.o
 .text.MX_DMA_Init
                0x0000000008002d2c       0x6c Src/main.o
 .text.MX_GPIO_Init
                0x0000000008002d98       0x98 Src/main.o
 .text.HAL_SPI_TxRxCpltCallback
                0x0000000008002e30       0x44 Src/main.o
                0x0000000008002e30                HAL_SPI_TxRxCpltCallback
 .text.HAL_UART_TxCpltCallback
                0x0000000008002e74       0xa8 Src/main.o
                0x0000000008002e74                HAL_UART_TxCpltCallback
 .text.HAL_UART_RxCpltCallback
                0x0000000008002f1c       0x90 Src/main.o
                0x0000000008002f1c                HAL_UART_RxCpltCallback
 .text.Error_Handler
                0x0000000008002fac        0xc Src/main.o
                0x0000000008002fac                Error_Handler
 .text.HAL_MspInit
                0x0000000008002fb8       0x64 Src/stm32f1xx_hal_msp.o
                0x0000000008002fb8                HAL_MspInit
 .text.HAL_SPI_MspInit
                0x000000000800301c      0x150 Src/stm32f1xx_hal_msp.o
                0x000000000800301c                HAL_SPI_MspInit
 .text.HAL_UART_MspInit
                0x000000000800316c      0x258 Src/stm32f1xx_hal_msp.o
                0x000000000800316c                HAL_UART_MspInit
 .text.NMI_Handler
                0x00000000080033c4        0xc Src/stm32f1xx_it.o
                0x00000000080033c4                NMI_Handler
 .text.HardFault_Handler
                0x00000000080033d0        0x6 Src/stm32f1xx_it.o
                0x00000000080033d0                HardFault_Handler
 .text.MemManage_Handler
                0x00000000080033d6        0x6 Src/stm32f1xx_it.o
                0x00000000080033d6                MemManage_Handler
 .text.BusFault_Handler
                0x00000000080033dc        0x6 Src/stm32f1xx_it.o
                0x00000000080033dc                BusFault_Handler
 .text.UsageFault_Handler
                0x00000000080033e2        0x6 Src/stm32f1xx_it.o
                0x00000000080033e2                UsageFault_Handler
 .text.SVC_Handler
                0x00000000080033e8        0xc Src/stm32f1xx_it.o
                0x00000000080033e8                SVC_Handler
 .text.DebugMon_Handler
                0x00000000080033f4        0xc Src/stm32f1xx_it.o
                0x00000000080033f4                DebugMon_Handler
 .text.PendSV_Handler
                0x0000000008003400        0xc Src/stm32f1xx_it.o
                0x0000000008003400                PendSV_Handler
 .text.SysTick_Handler
                0x000000000800340c        0xc Src/stm32f1xx_it.o
                0x000000000800340c                SysTick_Handler
 .text.DMA1_Channel2_IRQHandler
                0x0000000008003418       0x14 Src/stm32f1xx_it.o
                0x0000000008003418                DMA1_Channel2_IRQHandler
 .text.DMA1_Channel3_IRQHandler
                0x000000000800342c       0x14 Src/stm32f1xx_it.o
                0x000000000800342c                DMA1_Channel3_IRQHandler
 .text.DMA1_Channel4_IRQHandler
                0x0000000008003440       0x14 Src/stm32f1xx_it.o
                0x0000000008003440                DMA1_Channel4_IRQHandler
 .text.DMA1_Channel7_IRQHandler
                0x0000000008003454       0x14 Src/stm32f1xx_it.o
                0x0000000008003454                DMA1_Channel7_IRQHandler
 .text.SPI1_IRQHandler
                0x0000000008003468       0x14 Src/stm32f1xx_it.o
                0x0000000008003468                SPI1_IRQHandler
 .text.USART1_IRQHandler
                0x000000000800347c       0x14 Src/stm32f1xx_it.o
                0x000000000800347c                USART1_IRQHandler
 .text.USART2_IRQHandler
                0x0000000008003490       0x14 Src/stm32f1xx_it.o
                0x0000000008003490                USART2_IRQHandler
 .text.USART3_IRQHandler
                0x00000000080034a4       0x14 Src/stm32f1xx_it.o
                0x00000000080034a4                USART3_IRQHandler
 .text.SystemInit
                0x00000000080034b8       0x68 Src/system_stm32f1xx.o
                0x00000000080034b8                SystemInit
 .text.Reset_Handler
                0x0000000008003520       0x48 Startup/startup_stm32f103c8tx.o
                0x0000000008003520                Reset_Handler
 .text.Default_Handler
                0x0000000008003568        0x2 Startup/startup_stm32f103c8tx.o
                0x0000000008003568                RTC_Alarm_IRQHandler
                0x0000000008003568                EXTI2_IRQHandler
                0x0000000008003568                TIM1_CC_IRQHandler
                0x0000000008003568                PVD_IRQHandler
                0x0000000008003568                EXTI3_IRQHandler
                0x0000000008003568                EXTI0_IRQHandler
                0x0000000008003568                I2C2_EV_IRQHandler
                0x0000000008003568                ADC1_2_IRQHandler
                0x0000000008003568                TAMPER_IRQHandler
                0x0000000008003568                RTC_IRQHandler
                0x0000000008003568                CAN1_RX1_IRQHandler
                0x0000000008003568                TIM4_IRQHandler
                0x0000000008003568                I2C1_EV_IRQHandler
                0x0000000008003568                DMA1_Channel6_IRQHandler
                0x0000000008003568                TIM3_IRQHandler
                0x0000000008003568                RCC_IRQHandler
                0x0000000008003568                TIM1_TRG_COM_IRQHandler
                0x0000000008003568                DMA1_Channel1_IRQHandler
                0x0000000008003568                Default_Handler
                0x0000000008003568                EXTI15_10_IRQHandler
                0x0000000008003568                EXTI9_5_IRQHandler
                0x0000000008003568                SPI2_IRQHandler
                0x0000000008003568                DMA1_Channel5_IRQHandler
                0x0000000008003568                EXTI4_IRQHandler
                0x0000000008003568                USB_LP_CAN1_RX0_IRQHandler
                0x0000000008003568                USB_HP_CAN1_TX_IRQHandler
                0x0000000008003568                TIM1_UP_IRQHandler
                0x0000000008003568                WWDG_IRQHandler
                0x0000000008003568                TIM2_IRQHandler
                0x0000000008003568                TIM1_BRK_IRQHandler
                0x0000000008003568                EXTI1_IRQHandler
                0x0000000008003568                I2C2_ER_IRQHandler
                0x0000000008003568                CAN1_SCE_IRQHandler
                0x0000000008003568                FLASH_IRQHandler
                0x0000000008003568                I2C1_ER_IRQHandler
                0x0000000008003568                USBWakeUp_IRQHandler
 *fill*         0x000000000800356a        0x2 
 .text.__libc_init_array
                0x000000000800356c       0x48 c:/st/stm32cubeide_1.0.0/stm32cubeide/plugins/com.st.stm32cube.ide.mcu.externaltools.gnu-tools-for-stm32.7-2018-q2-update.win32_1.0.0.201904181610/tools/bin/../lib/gcc/arm-none-eabi/7.3.1/../../../../arm-none-eabi/lib/thumb/v7-m\libc_nano.a(lib_a-init.o)
                0x000000000800356c                __libc_init_array
 .text.memset   0x00000000080035b4       0x10 c:/st/stm32cubeide_1.0.0/stm32cubeide/plugins/com.st.stm32cube.ide.mcu.externaltools.gnu-tools-for-stm32.7-2018-q2-update.win32_1.0.0.201904181610/tools/bin/../lib/gcc/arm-none-eabi/7.3.1/../../../../arm-none-eabi/lib/thumb/v7-m\libc_nano.a(lib_a-memset.o)
                0x00000000080035b4                memset
 *(.glue_7)
 .glue_7        0x00000000080035c4        0x0 linker stubs
 *(.glue_7t)
 .glue_7t       0x00000000080035c4        0x0 linker stubs
 *(.eh_frame)
 .eh_frame      0x00000000080035c4        0x0 c:/st/stm32cubeide_1.0.0/stm32cubeide/plugins/com.st.stm32cube.ide.mcu.externaltools.gnu-tools-for-stm32.7-2018-q2-update.win32_1.0.0.201904181610/tools/bin/../lib/gcc/arm-none-eabi/7.3.1/thumb/v7-m/crtbegin.o
 *(.init)
 .init          0x00000000080035c4        0x4 c:/st/stm32cubeide_1.0.0/stm32cubeide/plugins/com.st.stm32cube.ide.mcu.externaltools.gnu-tools-for-stm32.7-2018-q2-update.win32_1.0.0.201904181610/tools/bin/../lib/gcc/arm-none-eabi/7.3.1/thumb/v7-m/crti.o
                0x00000000080035c4                _init
 .init          0x00000000080035c8        0x8 c:/st/stm32cubeide_1.0.0/stm32cubeide/plugins/com.st.stm32cube.ide.mcu.externaltools.gnu-tools-for-stm32.7-2018-q2-update.win32_1.0.0.201904181610/tools/bin/../lib/gcc/arm-none-eabi/7.3.1/thumb/v7-m/crtn.o
 *(.fini)
 .fini          0x00000000080035d0        0x4 c:/st/stm32cubeide_1.0.0/stm32cubeide/plugins/com.st.stm32cube.ide.mcu.externaltools.gnu-tools-for-stm32.7-2018-q2-update.win32_1.0.0.201904181610/tools/bin/../lib/gcc/arm-none-eabi/7.3.1/thumb/v7-m/crti.o
                0x00000000080035d0                _fini
 .fini          0x00000000080035d4        0x8 c:/st/stm32cubeide_1.0.0/stm32cubeide/plugins/com.st.stm32cube.ide.mcu.externaltools.gnu-tools-for-stm32.7-2018-q2-update.win32_1.0.0.201904181610/tools/bin/../lib/gcc/arm-none-eabi/7.3.1/thumb/v7-m/crtn.o
                0x00000000080035dc                . = ALIGN (0x4)
                0x00000000080035dc                _etext = .

.vfp11_veneer   0x00000000080035dc        0x0
 .vfp11_veneer  0x00000000080035dc        0x0 linker stubs

.v4_bx          0x00000000080035dc        0x0
 .v4_bx         0x00000000080035dc        0x0 linker stubs

.iplt           0x00000000080035dc        0x0
 .iplt          0x00000000080035dc        0x0 c:/st/stm32cubeide_1.0.0/stm32cubeide/plugins/com.st.stm32cube.ide.mcu.externaltools.gnu-tools-for-stm32.7-2018-q2-update.win32_1.0.0.201904181610/tools/bin/../lib/gcc/arm-none-eabi/7.3.1/thumb/v7-m/crtbegin.o

.rodata         0x00000000080035dc       0x2c
                0x00000000080035dc                . = ALIGN (0x4)
 *(.rodata)
 .rodata        0x00000000080035dc       0x12 Drivers/STM32F1xx_HAL_Driver/Src/stm32f1xx_hal_rcc.o
 *(.rodata*)
 *fill*         0x00000000080035ee        0x2 
 .rodata.AHBPrescTable
                0x00000000080035f0       0x10 Src/system_stm32f1xx.o
                0x00000000080035f0                AHBPrescTable
 .rodata.APBPrescTable
                0x0000000008003600        0x8 Src/system_stm32f1xx.o
                0x0000000008003600                APBPrescTable
                0x0000000008003608                . = ALIGN (0x4)

.rel.dyn        0x0000000008003608        0x0
 .rel.iplt      0x0000000008003608        0x0 c:/st/stm32cubeide_1.0.0/stm32cubeide/plugins/com.st.stm32cube.ide.mcu.externaltools.gnu-tools-for-stm32.7-2018-q2-update.win32_1.0.0.201904181610/tools/bin/../lib/gcc/arm-none-eabi/7.3.1/thumb/v7-m/crtbegin.o

.ARM.extab      0x0000000008003608        0x0
                0x0000000008003608                . = ALIGN (0x4)
 *(.ARM.extab* .gnu.linkonce.armextab.*)
                0x0000000008003608                . = ALIGN (0x4)

.ARM            0x0000000008003608        0x0
                0x0000000008003608                . = ALIGN (0x4)
                0x0000000008003608                __exidx_start = .
 *(.ARM.exidx*)
                0x0000000008003608                __exidx_end = .
                0x0000000008003608                . = ALIGN (0x4)

.preinit_array  0x0000000008003608        0x0
                0x0000000008003608                . = ALIGN (0x4)
                0x0000000008003608                PROVIDE (__preinit_array_start = .)
 *(.preinit_array*)
                0x0000000008003608                PROVIDE (__preinit_array_end = .)
                0x0000000008003608                . = ALIGN (0x4)

.init_array     0x0000000008003608        0x4
                0x0000000008003608                . = ALIGN (0x4)
                0x0000000008003608                PROVIDE (__init_array_start = .)
 *(SORT_BY_NAME(.init_array.*))
 *(.init_array*)
 .init_array    0x0000000008003608        0x4 c:/st/stm32cubeide_1.0.0/stm32cubeide/plugins/com.st.stm32cube.ide.mcu.externaltools.gnu-tools-for-stm32.7-2018-q2-update.win32_1.0.0.201904181610/tools/bin/../lib/gcc/arm-none-eabi/7.3.1/thumb/v7-m/crtbegin.o
                0x000000000800360c                PROVIDE (__init_array_end = .)
                0x000000000800360c                . = ALIGN (0x4)

.fini_array     0x000000000800360c        0x4
                0x000000000800360c                . = ALIGN (0x4)
                [!provide]                        PROVIDE (__fini_array_start = .)
 *(SORT_BY_NAME(.fini_array.*))
 *(.fini_array*)
 .fini_array    0x000000000800360c        0x4 c:/st/stm32cubeide_1.0.0/stm32cubeide/plugins/com.st.stm32cube.ide.mcu.externaltools.gnu-tools-for-stm32.7-2018-q2-update.win32_1.0.0.201904181610/tools/bin/../lib/gcc/arm-none-eabi/7.3.1/thumb/v7-m/crtbegin.o
                [!provide]                        PROVIDE (__fini_array_end = .)
                0x0000000008003610                . = ALIGN (0x4)
                0x0000000008003610                _sidata = LOADADDR (.data)

.data           0x0000000020000000        0xc load address 0x0000000008003610
                0x0000000020000000                . = ALIGN (0x4)
                0x0000000020000000                _sdata = .
 *(.data)
 *(.data*)
 .data.uwTickPrio
                0x0000000020000000        0x4 Drivers/STM32F1xx_HAL_Driver/Src/stm32f1xx_hal.o
                0x0000000020000000                uwTickPrio
 .data.uwTickFreq
                0x0000000020000004        0x1 Drivers/STM32F1xx_HAL_Driver/Src/stm32f1xx_hal.o
                0x0000000020000004                uwTickFreq
 .data.SPI1_TxCompleted
                0x0000000020000005        0x1 Src/spi1.o
                0x0000000020000005                SPI1_TxCompleted
 *fill*         0x0000000020000006        0x2 
 .data.SystemCoreClock
                0x0000000020000008        0x4 Src/system_stm32f1xx.o
                0x0000000020000008                SystemCoreClock
                0x000000002000000c                . = ALIGN (0x4)
                0x000000002000000c                _edata = .

.igot.plt       0x000000002000000c        0x0 load address 0x000000000800361c
 .igot.plt      0x000000002000000c        0x0 c:/st/stm32cubeide_1.0.0/stm32cubeide/plugins/com.st.stm32cube.ide.mcu.externaltools.gnu-tools-for-stm32.7-2018-q2-update.win32_1.0.0.201904181610/tools/bin/../lib/gcc/arm-none-eabi/7.3.1/thumb/v7-m/crtbegin.o
                0x000000002000000c                . = ALIGN (0x4)

.bss            0x000000002000000c     0x1ae4 load address 0x000000000800361c
                0x000000002000000c                _sbss = .
                0x000000002000000c                __bss_start__ = _sbss
 *(.bss)
 .bss           0x000000002000000c       0x1c c:/st/stm32cubeide_1.0.0/stm32cubeide/plugins/com.st.stm32cube.ide.mcu.externaltools.gnu-tools-for-stm32.7-2018-q2-update.win32_1.0.0.201904181610/tools/bin/../lib/gcc/arm-none-eabi/7.3.1/thumb/v7-m/crtbegin.o
 *(.bss*)
 .bss.buf1_u16SndBuf_Head
                0x0000000020000028        0x2 Src/buf1.o
                0x0000000020000028                buf1_u16SndBuf_Head
 .bss.buf1_u16SndBuf_Tail
                0x000000002000002a        0x2 Src/buf1.o
                0x000000002000002a                buf1_u16SndBuf_Tail
 .bss.buf1_u16RecBuf_Head
                0x000000002000002c        0x2 Src/buf1.o
                0x000000002000002c                buf1_u16RecBuf_Head
 .bss.buf1_u16RecBuf_Tail
                0x000000002000002e        0x2 Src/buf1.o
                0x000000002000002e                buf1_u16RecBuf_Tail
 .bss.buf2_u16SndBuf_Head
                0x0000000020000030        0x2 Src/buf2.o
                0x0000000020000030                buf2_u16SndBuf_Head
 .bss.buf2_u16SndBuf_Tail
                0x0000000020000032        0x2 Src/buf2.o
                0x0000000020000032                buf2_u16SndBuf_Tail
 .bss.buf2_u16RecBuf_Head
                0x0000000020000034        0x2 Src/buf2.o
                0x0000000020000034                buf2_u16RecBuf_Head
 .bss.buf2_u16RecBuf_Tail
                0x0000000020000036        0x2 Src/buf2.o
                0x0000000020000036                buf2_u16RecBuf_Tail
 .bss.buf3_u16SndBuf_Head
                0x0000000020000038        0x2 Src/buf3.o
                0x0000000020000038                buf3_u16SndBuf_Head
 .bss.buf3_u16SndBuf_Tail
                0x000000002000003a        0x2 Src/buf3.o
                0x000000002000003a                buf3_u16SndBuf_Tail
 .bss.buf3_u16RecBuf_Head
                0x000000002000003c        0x2 Src/buf3.o
                0x000000002000003c                buf3_u16RecBuf_Head
 .bss.buf3_u16RecBuf_Tail
                0x000000002000003e        0x2 Src/buf3.o
                0x000000002000003e                buf3_u16RecBuf_Tail
 .bss.ctl_SPI1_TxCounter
                0x0000000020000040        0x1 Src/ctl.o
                0x0000000020000040                ctl_SPI1_TxCounter
 .bss.ctl_Bytes_Read_From_Queue
                0x0000000020000041        0x1 Src/ctl.o
                0x0000000020000041                ctl_Bytes_Read_From_Queue
 .bss.ctl_State
                0x0000000020000042        0x1 Src/ctl.o
                0x0000000020000042                ctl_State
 *(COMMON)
 *fill*         0x0000000020000043        0x1 
 COMMON         0x0000000020000044        0x4 Drivers/STM32F1xx_HAL_Driver/Src/stm32f1xx_hal.o
                0x0000000020000044                uwTick
 COMMON         0x0000000020000048      0x809 Src/buf1.o
                0x0000000020000048                BUF1_u8Buf
                0x000000002000004c                buf1_au8SndBuf
                0x0000000020000450                buf1_au8RecBuf
 *fill*         0x0000000020000851        0x3 
 COMMON         0x0000000020000854      0x805 Src/buf2.o
                0x0000000020000854                buf2_au8RecBuf
                0x0000000020000c55                BUF2_u8Buf
                0x0000000020000c58                buf2_au8SndBuf
 *fill*         0x0000000020001059        0x3 
 COMMON         0x000000002000105c      0x805 Src/buf3.o
                0x000000002000105c                buf3_au8RecBuf
                0x000000002000145d                BUF3_u8Buf
                0x0000000020001460                buf3_au8SndBuf
 *fill*         0x0000000020001861        0x3 
 COMMON         0x0000000020001864      0x230 Src/ctl.o
                0x0000000020001864                huart3
                0x00000000200018a4                hdma_usart3_tx
                0x00000000200018e8                hdma_usart1_tx
                0x000000002000192c                hdma_usart2_tx
                0x0000000020001970                u8Length
                0x0000000020001974                huart1
                0x00000000200019b4                u8Temp
                0x00000000200019b8                hspi1
                0x0000000020001a10                huart2
                0x0000000020001a50                hdma_spi1_tx
 COMMON         0x0000000020001a94       0x44 Src/main.o
                0x0000000020001a94                hdma_spi1_rx
 COMMON         0x0000000020001ad8       0x16 Src/spi1.o
                0x0000000020001ad8                SPI1_RxBuf
                0x0000000020001ae4                SPI1_TxBuf
                0x0000000020001af0                . = ALIGN (0x4)
 *fill*         0x0000000020001aee        0x2 
                0x0000000020001af0                _ebss = .
                0x0000000020001af0                __bss_end__ = _ebss

._user_heap_stack
                0x0000000020001af0      0x600 load address 0x000000000800361c
                0x0000000020001af0                . = ALIGN (0x8)
                0x0000000020001af0                PROVIDE (end = .)
                [!provide]                        PROVIDE (_end = .)
                0x0000000020001cf0                . = (. + _Min_Heap_Size)
 *fill*         0x0000000020001af0      0x200 
                0x00000000200020f0                . = (. + _Min_Stack_Size)
 *fill*         0x0000000020001cf0      0x400 
                0x00000000200020f0                . = ALIGN (0x8)

/DISCARD/
 libc.a(*)
 libm.a(*)
 libgcc.a(*)

.ARM.attributes
                0x0000000000000000       0x29
 *(.ARM.attributes)
 .ARM.attributes
                0x0000000000000000       0x1d c:/st/stm32cubeide_1.0.0/stm32cubeide/plugins/com.st.stm32cube.ide.mcu.externaltools.gnu-tools-for-stm32.7-2018-q2-update.win32_1.0.0.201904181610/tools/bin/../lib/gcc/arm-none-eabi/7.3.1/thumb/v7-m/crti.o
 .ARM.attributes
                0x000000000000001d       0x2d c:/st/stm32cubeide_1.0.0/stm32cubeide/plugins/com.st.stm32cube.ide.mcu.externaltools.gnu-tools-for-stm32.7-2018-q2-update.win32_1.0.0.201904181610/tools/bin/../lib/gcc/arm-none-eabi/7.3.1/thumb/v7-m/crtbegin.o
 .ARM.attributes
                0x000000000000004a       0x33 Drivers/STM32F1xx_HAL_Driver/Src/stm32f1xx_hal.o
 .ARM.attributes
                0x000000000000007d       0x33 Drivers/STM32F1xx_HAL_Driver/Src/stm32f1xx_hal_cortex.o
 .ARM.attributes
                0x00000000000000b0       0x33 Drivers/STM32F1xx_HAL_Driver/Src/stm32f1xx_hal_dma.o
 .ARM.attributes
                0x00000000000000e3       0x33 Drivers/STM32F1xx_HAL_Driver/Src/stm32f1xx_hal_gpio.o
 .ARM.attributes
                0x0000000000000116       0x33 Drivers/STM32F1xx_HAL_Driver/Src/stm32f1xx_hal_rcc.o
 .ARM.attributes
                0x0000000000000149       0x33 Drivers/STM32F1xx_HAL_Driver/Src/stm32f1xx_hal_spi.o
 .ARM.attributes
                0x000000000000017c       0x33 Drivers/STM32F1xx_HAL_Driver/Src/stm32f1xx_hal_spi_ex.o
 .ARM.attributes
                0x00000000000001af       0x33 Drivers/STM32F1xx_HAL_Driver/Src/stm32f1xx_hal_uart.o
 .ARM.attributes
                0x00000000000001e2       0x33 Src/buf1.o
 .ARM.attributes
                0x0000000000000215       0x33 Src/buf2.o
 .ARM.attributes
                0x0000000000000248       0x33 Src/buf3.o
 .ARM.attributes
                0x000000000000027b       0x33 Src/ctl.o
 .ARM.attributes
                0x00000000000002ae       0x33 Src/main.o
 .ARM.attributes
                0x00000000000002e1       0x33 Src/spi1.o
 .ARM.attributes
                0x0000000000000314       0x33 Src/stm32f1xx_hal_msp.o
 .ARM.attributes
                0x0000000000000347       0x33 Src/stm32f1xx_it.o
 .ARM.attributes
                0x000000000000037a       0x33 Src/system_stm32f1xx.o
 .ARM.attributes
                0x00000000000003ad       0x21 Startup/startup_stm32f103c8tx.o
 .ARM.attributes
                0x00000000000003ce       0x2d c:/st/stm32cubeide_1.0.0/stm32cubeide/plugins/com.st.stm32cube.ide.mcu.externaltools.gnu-tools-for-stm32.7-2018-q2-update.win32_1.0.0.201904181610/tools/bin/../lib/gcc/arm-none-eabi/7.3.1/../../../../arm-none-eabi/lib/thumb/v7-m\libc_nano.a(lib_a-init.o)
 .ARM.attributes
                0x00000000000003fb       0x2d c:/st/stm32cubeide_1.0.0/stm32cubeide/plugins/com.st.stm32cube.ide.mcu.externaltools.gnu-tools-for-stm32.7-2018-q2-update.win32_1.0.0.201904181610/tools/bin/../lib/gcc/arm-none-eabi/7.3.1/../../../../arm-none-eabi/lib/thumb/v7-m\libc_nano.a(lib_a-memset.o)
 .ARM.attributes
                0x0000000000000428       0x1d c:/st/stm32cubeide_1.0.0/stm32cubeide/plugins/com.st.stm32cube.ide.mcu.externaltools.gnu-tools-for-stm32.7-2018-q2-update.win32_1.0.0.201904181610/tools/bin/../lib/gcc/arm-none-eabi/7.3.1/thumb/v7-m/crtn.o
OUTPUT(SPI_USART_Bridge.elf elf32-littlearm)

.debug_info     0x0000000000000000    0x1004f
 .debug_info    0x0000000000000000      0xefa Drivers/STM32F1xx_HAL_Driver/Src/stm32f1xx_hal.o
 .debug_info    0x0000000000000efa     0x1348 Drivers/STM32F1xx_HAL_Driver/Src/stm32f1xx_hal_cortex.o
 .debug_info    0x0000000000002242      0xfb6 Drivers/STM32F1xx_HAL_Driver/Src/stm32f1xx_hal_dma.o
 .debug_info    0x00000000000031f8      0xead Drivers/STM32F1xx_HAL_Driver/Src/stm32f1xx_hal_gpio.o
 .debug_info    0x00000000000040a5     0x1029 Drivers/STM32F1xx_HAL_Driver/Src/stm32f1xx_hal_rcc.o
 .debug_info    0x00000000000050ce     0x1c8a Drivers/STM32F1xx_HAL_Driver/Src/stm32f1xx_hal_spi.o
 .debug_info    0x0000000000006d58      0xe46 Drivers/STM32F1xx_HAL_Driver/Src/stm32f1xx_hal_spi_ex.o
 .debug_info    0x0000000000007b9e     0x19e0 Drivers/STM32F1xx_HAL_Driver/Src/stm32f1xx_hal_uart.o
 .debug_info    0x000000000000957e      0x1c5 Src/buf1.o
 .debug_info    0x0000000000009743      0x1c5 Src/buf2.o
 .debug_info    0x0000000000009908      0x1c5 Src/buf3.o
 .debug_info    0x0000000000009acd     0x11f6 Src/ctl.o
 .debug_info    0x000000000000acc3     0x1690 Src/main.o
 .debug_info    0x000000000000c353      0x9f5 Src/spi1.o
 .debug_info    0x000000000000cd48     0x1516 Src/stm32f1xx_hal_msp.o
 .debug_info    0x000000000000e25e     0x1186 Src/stm32f1xx_it.o
 .debug_info    0x000000000000f3e4      0xc49 Src/system_stm32f1xx.o
 .debug_info    0x000000000001002d       0x22 Startup/startup_stm32f103c8tx.o

.debug_abbrev   0x0000000000000000     0x2415
 .debug_abbrev  0x0000000000000000      0x2bd Drivers/STM32F1xx_HAL_Driver/Src/stm32f1xx_hal.o
 .debug_abbrev  0x00000000000002bd      0x36d Drivers/STM32F1xx_HAL_Driver/Src/stm32f1xx_hal_cortex.o
 .debug_abbrev  0x000000000000062a      0x26f Drivers/STM32F1xx_HAL_Driver/Src/stm32f1xx_hal_dma.o
 .debug_abbrev  0x0000000000000899      0x251 Drivers/STM32F1xx_HAL_Driver/Src/stm32f1xx_hal_gpio.o
 .debug_abbrev  0x0000000000000aea      0x2eb Drivers/STM32F1xx_HAL_Driver/Src/stm32f1xx_hal_rcc.o
 .debug_abbrev  0x0000000000000dd5      0x2b1 Drivers/STM32F1xx_HAL_Driver/Src/stm32f1xx_hal_spi.o
 .debug_abbrev  0x0000000000001086      0x1b5 Drivers/STM32F1xx_HAL_Driver/Src/stm32f1xx_hal_spi_ex.o
 .debug_abbrev  0x000000000000123b      0x2b3 Drivers/STM32F1xx_HAL_Driver/Src/stm32f1xx_hal_uart.o
 .debug_abbrev  0x00000000000014ee      0x101 Src/buf1.o
 .debug_abbrev  0x00000000000015ef      0x101 Src/buf2.o
 .debug_abbrev  0x00000000000016f0      0x101 Src/buf3.o
 .debug_abbrev  0x00000000000017f1      0x1f0 Src/ctl.o
 .debug_abbrev  0x00000000000019e1      0x28f Src/main.o
 .debug_abbrev  0x0000000000001c70      0x1a2 Src/spi1.o
 .debug_abbrev  0x0000000000001e12      0x22f Src/stm32f1xx_hal_msp.o
 .debug_abbrev  0x0000000000002041      0x1d2 Src/stm32f1xx_it.o
 .debug_abbrev  0x0000000000002213      0x1f0 Src/system_stm32f1xx.o
 .debug_abbrev  0x0000000000002403       0x12 Startup/startup_stm32f103c8tx.o

.debug_aranges  0x0000000000000000      0x9c0
 .debug_aranges
                0x0000000000000000       0xd0 Drivers/STM32F1xx_HAL_Driver/Src/stm32f1xx_hal.o
 .debug_aranges
                0x00000000000000d0      0x100 Drivers/STM32F1xx_HAL_Driver/Src/stm32f1xx_hal_cortex.o
 .debug_aranges
                0x00000000000001d0       0x80 Drivers/STM32F1xx_HAL_Driver/Src/stm32f1xx_hal_dma.o
 .debug_aranges
                0x0000000000000250       0x58 Drivers/STM32F1xx_HAL_Driver/Src/stm32f1xx_hal_gpio.o
 .debug_aranges
                0x00000000000002a8       0x90 Drivers/STM32F1xx_HAL_Driver/Src/stm32f1xx_hal_rcc.o
 .debug_aranges
                0x0000000000000338      0x1d0 Drivers/STM32F1xx_HAL_Driver/Src/stm32f1xx_hal_spi.o
 .debug_aranges
                0x0000000000000508       0x20 Drivers/STM32F1xx_HAL_Driver/Src/stm32f1xx_hal_spi_ex.o
 .debug_aranges
                0x0000000000000528      0x1d0 Drivers/STM32F1xx_HAL_Driver/Src/stm32f1xx_hal_uart.o
 .debug_aranges
                0x00000000000006f8       0x48 Src/buf1.o
 .debug_aranges
                0x0000000000000740       0x48 Src/buf2.o
 .debug_aranges
                0x0000000000000788       0x48 Src/buf3.o
 .debug_aranges
                0x00000000000007d0       0x28 Src/ctl.o
 .debug_aranges
                0x00000000000007f8       0x78 Src/main.o
 .debug_aranges
                0x0000000000000870       0x20 Src/spi1.o
 .debug_aranges
                0x0000000000000890       0x40 Src/stm32f1xx_hal_msp.o
 .debug_aranges
                0x00000000000008d0       0xa0 Src/stm32f1xx_it.o
 .debug_aranges
                0x0000000000000970       0x28 Src/system_stm32f1xx.o
 .debug_aranges
                0x0000000000000998       0x28 Startup/startup_stm32f103c8tx.o

.debug_ranges   0x0000000000000000      0x8a8
 .debug_ranges  0x0000000000000000       0xc0 Drivers/STM32F1xx_HAL_Driver/Src/stm32f1xx_hal.o
 .debug_ranges  0x00000000000000c0       0xf0 Drivers/STM32F1xx_HAL_Driver/Src/stm32f1xx_hal_cortex.o
 .debug_ranges  0x00000000000001b0       0x70 Drivers/STM32F1xx_HAL_Driver/Src/stm32f1xx_hal_dma.o
 .debug_ranges  0x0000000000000220       0x48 Drivers/STM32F1xx_HAL_Driver/Src/stm32f1xx_hal_gpio.o
 .debug_ranges  0x0000000000000268       0x80 Drivers/STM32F1xx_HAL_Driver/Src/stm32f1xx_hal_rcc.o
 .debug_ranges  0x00000000000002e8      0x1c0 Drivers/STM32F1xx_HAL_Driver/Src/stm32f1xx_hal_spi.o
 .debug_ranges  0x00000000000004a8       0x10 Drivers/STM32F1xx_HAL_Driver/Src/stm32f1xx_hal_spi_ex.o
 .debug_ranges  0x00000000000004b8      0x1c0 Drivers/STM32F1xx_HAL_Driver/Src/stm32f1xx_hal_uart.o
 .debug_ranges  0x0000000000000678       0x38 Src/buf1.o
 .debug_ranges  0x00000000000006b0       0x38 Src/buf2.o
 .debug_ranges  0x00000000000006e8       0x38 Src/buf3.o
 .debug_ranges  0x0000000000000720       0x18 Src/ctl.o
 .debug_ranges  0x0000000000000738       0x68 Src/main.o
 .debug_ranges  0x00000000000007a0       0x10 Src/spi1.o
 .debug_ranges  0x00000000000007b0       0x30 Src/stm32f1xx_hal_msp.o
 .debug_ranges  0x00000000000007e0       0x90 Src/stm32f1xx_it.o
 .debug_ranges  0x0000000000000870       0x18 Src/system_stm32f1xx.o
 .debug_ranges  0x0000000000000888       0x20 Startup/startup_stm32f103c8tx.o

.debug_macro    0x0000000000000000    0x15585
 .debug_macro   0x0000000000000000      0x2fe Drivers/STM32F1xx_HAL_Driver/Src/stm32f1xx_hal.o
 .debug_macro   0x00000000000002fe      0xa5a Drivers/STM32F1xx_HAL_Driver/Src/stm32f1xx_hal.o
 .debug_macro   0x0000000000000d58      0x175 Drivers/STM32F1xx_HAL_Driver/Src/stm32f1xx_hal.o
 .debug_macro   0x0000000000000ecd       0x2e Drivers/STM32F1xx_HAL_Driver/Src/stm32f1xx_hal.o
 .debug_macro   0x0000000000000efb       0x22 Drivers/STM32F1xx_HAL_Driver/Src/stm32f1xx_hal.o
 .debug_macro   0x0000000000000f1d       0x22 Drivers/STM32F1xx_HAL_Driver/Src/stm32f1xx_hal.o
 .debug_macro   0x0000000000000f3f       0x8e Drivers/STM32F1xx_HAL_Driver/Src/stm32f1xx_hal.o
 .debug_macro   0x0000000000000fcd       0x51 Drivers/STM32F1xx_HAL_Driver/Src/stm32f1xx_hal.o
 .debug_macro   0x000000000000101e       0xef Drivers/STM32F1xx_HAL_Driver/Src/stm32f1xx_hal.o
 .debug_macro   0x000000000000110d       0x6a Drivers/STM32F1xx_HAL_Driver/Src/stm32f1xx_hal.o
 .debug_macro   0x0000000000001177      0x1df Drivers/STM32F1xx_HAL_Driver/Src/stm32f1xx_hal.o
 .debug_macro   0x0000000000001356       0x34 Drivers/STM32F1xx_HAL_Driver/Src/stm32f1xx_hal.o
 .debug_macro   0x000000000000138a       0x34 Drivers/STM32F1xx_HAL_Driver/Src/stm32f1xx_hal.o
 .debug_macro   0x00000000000013be      0xb8e Drivers/STM32F1xx_HAL_Driver/Src/stm32f1xx_hal.o
 .debug_macro   0x0000000000001f4c     0xe911 Drivers/STM32F1xx_HAL_Driver/Src/stm32f1xx_hal.o
 .debug_macro   0x000000000001085d       0x43 Drivers/STM32F1xx_HAL_Driver/Src/stm32f1xx_hal.o
 .debug_macro   0x00000000000108a0       0x46 Drivers/STM32F1xx_HAL_Driver/Src/stm32f1xx_hal.o
 .debug_macro   0x00000000000108e6       0x18 Drivers/STM32F1xx_HAL_Driver/Src/stm32f1xx_hal.o
 .debug_macro   0x00000000000108fe       0x3c Drivers/STM32F1xx_HAL_Driver/Src/stm32f1xx_hal.o
 .debug_macro   0x000000000001093a       0x34 Drivers/STM32F1xx_HAL_Driver/Src/stm32f1xx_hal.o
 .debug_macro   0x000000000001096e       0x16 Drivers/STM32F1xx_HAL_Driver/Src/stm32f1xx_hal.o
 .debug_macro   0x0000000000010984       0x97 Drivers/STM32F1xx_HAL_Driver/Src/stm32f1xx_hal.o
 .debug_macro   0x0000000000010a1b      0x330 Drivers/STM32F1xx_HAL_Driver/Src/stm32f1xx_hal.o
 .debug_macro   0x0000000000010d4b       0xfd Drivers/STM32F1xx_HAL_Driver/Src/stm32f1xx_hal.o
 .debug_macro   0x0000000000010e48       0x10 Drivers/STM32F1xx_HAL_Driver/Src/stm32f1xx_hal.o
 .debug_macro   0x0000000000010e58       0x52 Drivers/STM32F1xx_HAL_Driver/Src/stm32f1xx_hal.o
 .debug_macro   0x0000000000010eaa       0x1f Drivers/STM32F1xx_HAL_Driver/Src/stm32f1xx_hal.o
 .debug_macro   0x0000000000010ec9       0x43 Drivers/STM32F1xx_HAL_Driver/Src/stm32f1xx_hal.o
 .debug_macro   0x0000000000010f0c       0x20 Drivers/STM32F1xx_HAL_Driver/Src/stm32f1xx_hal.o
 .debug_macro   0x0000000000010f2c      0x1a3 Drivers/STM32F1xx_HAL_Driver/Src/stm32f1xx_hal.o
 .debug_macro   0x00000000000110cf       0x10 Drivers/STM32F1xx_HAL_Driver/Src/stm32f1xx_hal.o
 .debug_macro   0x00000000000110df       0x1c Drivers/STM32F1xx_HAL_Driver/Src/stm32f1xx_hal.o
 .debug_macro   0x00000000000110fb       0x52 Drivers/STM32F1xx_HAL_Driver/Src/stm32f1xx_hal.o
 .debug_macro   0x000000000001114d       0x40 Drivers/STM32F1xx_HAL_Driver/Src/stm32f1xx_hal.o
 .debug_macro   0x000000000001118d       0x10 Drivers/STM32F1xx_HAL_Driver/Src/stm32f1xx_hal.o
 .debug_macro   0x000000000001119d       0x40 Drivers/STM32F1xx_HAL_Driver/Src/stm32f1xx_hal.o
 .debug_macro   0x00000000000111dd       0xd7 Drivers/STM32F1xx_HAL_Driver/Src/stm32f1xx_hal.o
 .debug_macro   0x00000000000112b4       0x1c Drivers/STM32F1xx_HAL_Driver/Src/stm32f1xx_hal.o
 .debug_macro   0x00000000000112d0       0x3d Drivers/STM32F1xx_HAL_Driver/Src/stm32f1xx_hal.o
 .debug_macro   0x000000000001130d       0x16 Drivers/STM32F1xx_HAL_Driver/Src/stm32f1xx_hal.o
 .debug_macro   0x0000000000011323      0x145 Drivers/STM32F1xx_HAL_Driver/Src/stm32f1xx_hal.o
 .debug_macro   0x0000000000011468       0x57 Drivers/STM32F1xx_HAL_Driver/Src/stm32f1xx_hal.o
 .debug_macro   0x00000000000114bf      0x5c2 Drivers/STM32F1xx_HAL_Driver/Src/stm32f1xx_hal.o
 .debug_macro   0x0000000000011a81      0x28a Drivers/STM32F1xx_HAL_Driver/Src/stm32f1xx_hal.o
 .debug_macro   0x0000000000011d0b      0x1cb Drivers/STM32F1xx_HAL_Driver/Src/stm32f1xx_hal.o
 .debug_macro   0x0000000000011ed6      0x11e Drivers/STM32F1xx_HAL_Driver/Src/stm32f1xx_hal.o
 .debug_macro   0x0000000000011ff4      0x1b3 Drivers/STM32F1xx_HAL_Driver/Src/stm32f1xx_hal.o
 .debug_macro   0x00000000000121a7       0x27 Drivers/STM32F1xx_HAL_Driver/Src/stm32f1xx_hal.o
 .debug_macro   0x00000000000121ce      0x1bc Drivers/STM32F1xx_HAL_Driver/Src/stm32f1xx_hal.o
 .debug_macro   0x000000000001238a       0x34 Drivers/STM32F1xx_HAL_Driver/Src/stm32f1xx_hal.o
 .debug_macro   0x00000000000123be       0x3c Drivers/STM32F1xx_HAL_Driver/Src/stm32f1xx_hal.o
 .debug_macro   0x00000000000123fa       0x57 Drivers/STM32F1xx_HAL_Driver/Src/stm32f1xx_hal.o
 .debug_macro   0x0000000000012451       0x8c Drivers/STM32F1xx_HAL_Driver/Src/stm32f1xx_hal.o
 .debug_macro   0x00000000000124dd      0x242 Drivers/STM32F1xx_HAL_Driver/Src/stm32f1xx_hal.o
 .debug_macro   0x000000000001271f      0x143 Drivers/STM32F1xx_HAL_Driver/Src/stm32f1xx_hal.o
 .debug_macro   0x0000000000012862      0x1f4 Drivers/STM32F1xx_HAL_Driver/Src/stm32f1xx_hal.o
 .debug_macro   0x0000000000012a56      0x26b Drivers/STM32F1xx_HAL_Driver/Src/stm32f1xx_hal.o
 .debug_macro   0x0000000000012cc1       0x83 Drivers/STM32F1xx_HAL_Driver/Src/stm32f1xx_hal.o
 .debug_macro   0x0000000000012d44      0x2da Drivers/STM32F1xx_HAL_Driver/Src/stm32f1xx_hal_cortex.o
 .debug_macro   0x000000000001301e      0x2da Drivers/STM32F1xx_HAL_Driver/Src/stm32f1xx_hal_dma.o
 .debug_macro   0x00000000000132f8      0x34a Drivers/STM32F1xx_HAL_Driver/Src/stm32f1xx_hal_gpio.o
 .debug_macro   0x0000000000013642      0x2ec Drivers/STM32F1xx_HAL_Driver/Src/stm32f1xx_hal_rcc.o
 .debug_macro   0x000000000001392e      0x2e2 Drivers/STM32F1xx_HAL_Driver/Src/stm32f1xx_hal_spi.o
 .debug_macro   0x0000000000013c10      0x2da Drivers/STM32F1xx_HAL_Driver/Src/stm32f1xx_hal_spi_ex.o
 .debug_macro   0x0000000000013eea      0x2db Drivers/STM32F1xx_HAL_Driver/Src/stm32f1xx_hal_uart.o
 .debug_macro   0x00000000000141c5       0x23 Src/buf1.o
 .debug_macro   0x00000000000141e8       0x40 Src/buf1.o
 .debug_macro   0x0000000000014228       0x16 Src/buf1.o
 .debug_macro   0x000000000001423e       0x23 Src/buf2.o
 .debug_macro   0x0000000000014261       0x16 Src/buf2.o
 .debug_macro   0x0000000000014277       0x23 Src/buf3.o
 .debug_macro   0x000000000001429a       0x16 Src/buf3.o
 .debug_macro   0x00000000000142b0      0x35d Src/ctl.o
 .debug_macro   0x000000000001460d       0x10 Src/ctl.o
 .debug_macro   0x000000000001461d       0x16 Src/ctl.o
 .debug_macro   0x0000000000014633       0x35 Src/ctl.o
 .debug_macro   0x0000000000014668       0x20 Src/ctl.o
 .debug_macro   0x0000000000014688      0x31b Src/main.o
 .debug_macro   0x00000000000149a3      0x2f6 Src/spi1.o
 .debug_macro   0x0000000000014c99      0x2e4 Src/stm32f1xx_hal_msp.o
 .debug_macro   0x0000000000014f7d      0x318 Src/stm32f1xx_it.o
 .debug_macro   0x0000000000015295       0x10 Src/stm32f1xx_it.o
 .debug_macro   0x00000000000152a5      0x2e0 Src/system_stm32f1xx.o

.debug_line     0x0000000000000000     0x9496
 .debug_line    0x0000000000000000      0x986 Drivers/STM32F1xx_HAL_Driver/Src/stm32f1xx_hal.o
 .debug_line    0x0000000000000986      0xa74 Drivers/STM32F1xx_HAL_Driver/Src/stm32f1xx_hal_cortex.o
 .debug_line    0x00000000000013fa      0xc0c Drivers/STM32F1xx_HAL_Driver/Src/stm32f1xx_hal_dma.o
 .debug_line    0x0000000000002006      0x9be Drivers/STM32F1xx_HAL_Driver/Src/stm32f1xx_hal_gpio.o
 .debug_line    0x00000000000029c4      0xa70 Drivers/STM32F1xx_HAL_Driver/Src/stm32f1xx_hal_rcc.o
 .debug_line    0x0000000000003434     0x114b Drivers/STM32F1xx_HAL_Driver/Src/stm32f1xx_hal_spi.o
 .debug_line    0x000000000000457f      0x7f2 Drivers/STM32F1xx_HAL_Driver/Src/stm32f1xx_hal_spi_ex.o
 .debug_line    0x0000000000004d71     0x1097 Drivers/STM32F1xx_HAL_Driver/Src/stm32f1xx_hal_uart.o
 .debug_line    0x0000000000005e08       0xd5 Src/buf1.o
 .debug_line    0x0000000000005edd       0xd5 Src/buf2.o
 .debug_line    0x0000000000005fb2       0xd5 Src/buf3.o
 .debug_line    0x0000000000006087      0x8d1 Src/ctl.o
 .debug_line    0x0000000000006958      0x933 Src/main.o
 .debug_line    0x000000000000728b      0x7ce Src/spi1.o
 .debug_line    0x0000000000007a59      0x89c Src/stm32f1xx_hal_msp.o
 .debug_line    0x00000000000082f5      0x926 Src/stm32f1xx_it.o
 .debug_line    0x0000000000008c1b      0x7fc Src/system_stm32f1xx.o
 .debug_line    0x0000000000009417       0x7f Startup/startup_stm32f103c8tx.o

.debug_str      0x0000000000000000    0x6cf12
 .debug_str     0x0000000000000000    0x6aa01 Drivers/STM32F1xx_HAL_Driver/Src/stm32f1xx_hal.o
                                      0x6ada1 (size before relaxing)
 .debug_str     0x000000000006aa01      0x326 Drivers/STM32F1xx_HAL_Driver/Src/stm32f1xx_hal_cortex.o
                                      0x6adb5 (size before relaxing)
 .debug_str     0x000000000006ad27      0x3f0 Drivers/STM32F1xx_HAL_Driver/Src/stm32f1xx_hal_dma.o
                                      0x6ab0d (size before relaxing)
 .debug_str     0x000000000006b117      0x3ab Drivers/STM32F1xx_HAL_Driver/Src/stm32f1xx_hal_gpio.o
                                      0x6aafc (size before relaxing)
 .debug_str     0x000000000006b4c2      0x368 Drivers/STM32F1xx_HAL_Driver/Src/stm32f1xx_hal_rcc.o
                                      0x6ab2a (size before relaxing)
 .debug_str     0x000000000006b82a      0x6d3 Drivers/STM32F1xx_HAL_Driver/Src/stm32f1xx_hal_spi.o
                                      0x6afd2 (size before relaxing)
 .debug_str     0x000000000006befd       0x3b Drivers/STM32F1xx_HAL_Driver/Src/stm32f1xx_hal_spi_ex.o
                                      0x6aacd (size before relaxing)
 .debug_str     0x000000000006bf38      0x67b Drivers/STM32F1xx_HAL_Driver/Src/stm32f1xx_hal_uart.o
                                      0x6b004 (size before relaxing)
 .debug_str     0x000000000006c5b3      0x1a4 Src/buf1.o
                                       0x2eb3 (size before relaxing)
 .debug_str     0x000000000006c757      0x11f Src/buf2.o
                                       0x2eb3 (size before relaxing)
 .debug_str     0x000000000006c876      0x11f Src/buf3.o
                                       0x2eb3 (size before relaxing)
 .debug_str     0x000000000006c995      0x29c Src/ctl.o
                                      0x6af09 (size before relaxing)
 .debug_str     0x000000000006cc31       0xb3 Src/main.o
                                      0x6b31e (size before relaxing)
 .debug_str     0x000000000006cce4       0x17 Src/spi1.o
                                      0x6a783 (size before relaxing)
 .debug_str     0x000000000006ccfb       0x1b Src/stm32f1xx_hal_msp.o
                                      0x6affd (size before relaxing)
 .debug_str     0x000000000006cd16      0x162 Src/stm32f1xx_it.o
                                      0x6ae72 (size before relaxing)
 .debug_str     0x000000000006ce78       0x69 Src/system_stm32f1xx.o
                                      0x6a7a7 (size before relaxing)
 .debug_str     0x000000000006cee1       0x31 Startup/startup_stm32f103c8tx.o
                                         0x77 (size before relaxing)

.comment        0x0000000000000000       0x7b
 .comment       0x0000000000000000       0x7b Drivers/STM32F1xx_HAL_Driver/Src/stm32f1xx_hal.o
                                         0x7c (size before relaxing)
 .comment       0x000000000000007b       0x7c Drivers/STM32F1xx_HAL_Driver/Src/stm32f1xx_hal_cortex.o
 .comment       0x000000000000007b       0x7c Drivers/STM32F1xx_HAL_Driver/Src/stm32f1xx_hal_dma.o
 .comment       0x000000000000007b       0x7c Drivers/STM32F1xx_HAL_Driver/Src/stm32f1xx_hal_gpio.o
 .comment       0x000000000000007b       0x7c Drivers/STM32F1xx_HAL_Driver/Src/stm32f1xx_hal_rcc.o
 .comment       0x000000000000007b       0x7c Drivers/STM32F1xx_HAL_Driver/Src/stm32f1xx_hal_spi.o
 .comment       0x000000000000007b       0x7c Drivers/STM32F1xx_HAL_Driver/Src/stm32f1xx_hal_spi_ex.o
 .comment       0x000000000000007b       0x7c Drivers/STM32F1xx_HAL_Driver/Src/stm32f1xx_hal_uart.o
 .comment       0x000000000000007b       0x7c Src/buf1.o
 .comment       0x000000000000007b       0x7c Src/buf2.o
 .comment       0x000000000000007b       0x7c Src/buf3.o
 .comment       0x000000000000007b       0x7c Src/ctl.o
 .comment       0x000000000000007b       0x7c Src/main.o
 .comment       0x000000000000007b       0x7c Src/spi1.o
 .comment       0x000000000000007b       0x7c Src/stm32f1xx_hal_msp.o
 .comment       0x000000000000007b       0x7c Src/stm32f1xx_it.o
 .comment       0x000000000000007b       0x7c Src/system_stm32f1xx.o

.debug_frame    0x0000000000000000     0x256c
 .debug_frame   0x0000000000000000      0x2fc Drivers/STM32F1xx_HAL_Driver/Src/stm32f1xx_hal.o
 .debug_frame   0x00000000000002fc      0x428 Drivers/STM32F1xx_HAL_Driver/Src/stm32f1xx_hal_cortex.o
 .debug_frame   0x0000000000000724      0x208 Drivers/STM32F1xx_HAL_Driver/Src/stm32f1xx_hal_dma.o
 .debug_frame   0x000000000000092c      0x14c Drivers/STM32F1xx_HAL_Driver/Src/stm32f1xx_hal_gpio.o
 .debug_frame   0x0000000000000a78      0x21c Drivers/STM32F1xx_HAL_Driver/Src/stm32f1xx_hal_rcc.o
 .debug_frame   0x0000000000000c94      0x824 Drivers/STM32F1xx_HAL_Driver/Src/stm32f1xx_hal_spi.o
 .debug_frame   0x00000000000014b8       0x34 Drivers/STM32F1xx_HAL_Driver/Src/stm32f1xx_hal_spi_ex.o
 .debug_frame   0x00000000000014ec      0x83c Drivers/STM32F1xx_HAL_Driver/Src/stm32f1xx_hal_uart.o
 .debug_frame   0x0000000000001d28       0xf0 Src/buf1.o
 .debug_frame   0x0000000000001e18       0xf0 Src/buf2.o
 .debug_frame   0x0000000000001f08       0xf0 Src/buf3.o
 .debug_frame   0x0000000000001ff8       0x54 Src/ctl.o
 .debug_frame   0x000000000000204c      0x194 Src/main.o
 .debug_frame   0x00000000000021e0       0x30 Src/spi1.o
 .debug_frame   0x0000000000002210       0xcc Src/stm32f1xx_hal_msp.o
 .debug_frame   0x00000000000022dc      0x1ec Src/stm32f1xx_it.o
 .debug_frame   0x00000000000024c8       0x58 Src/system_stm32f1xx.o
 .debug_frame   0x0000000000002520       0x2c c:/st/stm32cubeide_1.0.0/stm32cubeide/plugins/com.st.stm32cube.ide.mcu.externaltools.gnu-tools-for-stm32.7-2018-q2-update.win32_1.0.0.201904181610/tools/bin/../lib/gcc/arm-none-eabi/7.3.1/../../../../arm-none-eabi/lib/thumb/v7-m\libc_nano.a(lib_a-init.o)
 .debug_frame   0x000000000000254c       0x20 c:/st/stm32cubeide_1.0.0/stm32cubeide/plugins/com.st.stm32cube.ide.mcu.externaltools.gnu-tools-for-stm32.7-2018-q2-update.win32_1.0.0.201904181610/tools/bin/../lib/gcc/arm-none-eabi/7.3.1/../../../../arm-none-eabi/lib/thumb/v7-m\libc_nano.a(lib_a-memset.o)
